2026-08-03 15:14:02,802 INFO input=/Users/ahernandezgonzalez/Repositories/vgci_mutants/kv21/dataRMSF/qc/kv21_all_ok3_selection_manifest.csv resolved=/Users/ahernandezgonzalez/Repositories/vgci_mutants/kv21/dataRMSF/qc/kv21_all_ok3_selection_manifest.csv
2026-08-03 15:14:02,896 INFO columns[/Users/ahernandezgonzalez/Repositories/vgci_mutants/kv21/dataRMSF/qc/kv21_all_ok3_selection_manifest.csv]=['dataset', 'model_number', 'seed', 'recycle_number', 'parse_ok', 'all_ok', 'all_ok_3']
2026-08-03 15:14:02,975 INFO input=/Users/ahernandezgonzalez/Repositories/vgci_mutants/nav15/dataRMSF/qc/nav15_all_ok3_selection_manifest.csv resolved=/Users/ahernandezgonzalez/Repositories/vgci_mutants/nav15/dataRMSF/qc/nav15_all_ok3_selection_manifest.csv
2026-08-03 15:14:03,091 INFO columns[/Users/ahernandezgonzalez/Repositories/vgci_mutants/nav15/dataRMSF/qc/nav15_all_ok3_selection_manifest.csv]=['dataset', 'model_number', 'seed', 'recycle_number', 'parse_ok', 'all_ok', 'all_ok_3']
2026-08-03 15:14:03,155 INFO input=/Users/ahernandezgonzalez/Repositories/vgci_mutants/cav12/dataRMSF/qc/cav12_all_ok3_selection_manifest.csv resolved=/Users/ahernandezgonzalez/Repositories/vgci_mutants/cav12/dataRMSF/qc/cav12_all_ok3_selection_manifest.csv
2026-08-03 15:14:03,278 INFO columns[/Users/ahernandezgonzalez/Repositories/vgci_mutants/cav12/dataRMSF/qc/cav12_all_ok3_selection_manifest.csv]=['dataset', 'model_number', 'seed', 'recycle_number', 'parse_ok', 'all_ok', 'all_ok_3']
2026-08-03 15:14:03,353 INFO saved=/Users/ahernandezgonzalez/Repositories/vgci_mutants/analysis/statistics_revision/tables/Table_S2_trajectory_and_snapshot_counts.csv rows=21
2026-08-03 15:14:03,353 INFO saved=/Users/ahernandezgonzalez/Repositories/vgci_mutants/analysis/statistics_revision/tables/filtering_composition_audit.csv rows=105
2026-08-03 15:14:03,356 INFO input=/Users/ahernandezgonzalez/Repositories/vgci_mutants/kv21/dataDistances/analysis/L403A_E423_N179_all_structure_distances.csv resolved=/Users/ahernandezgonzalez/Repositories/vgci_mutants/kv21/dataDistances/analysis/L403A_E423_N179_all_structure_distances.csv
2026-08-03 15:14:03,364 INFO columns[/Users/ahernandezgonzalez/Repositories/vgci_mutants/kv21/dataDistances/analysis/L403A_E423_N179_all_structure_distances.csv]=['condition', 'pdb_file', 'CA_CA_A_GLU425_CA-A_ASN181_CA', 'CA_CA_B_GLU425_CA-B_ASN181_CA', 'CA_CA_C_GLU425_CA-C_ASN181_CA', 'CA_CA_D_GLU425_CA-D_ASN181_CA']
2026-08-03 15:14:09,266 INFO saved=/Users/ahernandezgonzalez/Repositories/vgci_mutants/analysis/statistics_revision/tables/L403A_trajectory_aware_summary.csv rows=26
2026-08-03 15:14:20,513 INFO saved=/Users/ahernandezgonzalez/Repositories/vgci_mutants/analysis/statistics_revision/tables/L403A_threshold_sensitivity.csv rows=72
2026-08-03 15:14:21,141 INFO input=/Users/ahernandezgonzalez/Repositories/vgci_mutants/kv21/dataRMSD/analysis/comparison_v5/f412l_pocket_D_paper_nexus_shortest_contacts_long_v5.csv resolved=/Users/ahernandezgonzalez/Repositories/vgci_mutants/kv21/dataRMSD/analysis/comparison_v5/f412l_pocket_D_paper_nexus_shortest_contacts_long_v5.csv
2026-08-03 15:14:21,170 INFO columns[/Users/ahernandezgonzalez/Repositories/vgci_mutants/kv21/dataRMSD/analysis/comparison_v5/f412l_pocket_D_paper_nexus_shortest_contacts_long_v5.csv]=['Protocol', 'pdb_file', 'Contact', 'Shortest heavy-atom distance (Å)']
2026-08-03 15:14:26,498 INFO saved=/Users/ahernandezgonzalez/Repositories/vgci_mutants/analysis/statistics_revision/tables/F412L_contact_statistics.csv rows=6
2026-08-03 15:14:26,499 INFO input=/Users/ahernandezgonzalez/Repositories/vgci_mutants/nav15/dataDistances/26-07-27_Nav15_wt_vanillaAF2_distances_all_ok_rmsd_3A.csv resolved=/Users/ahernandezgonzalez/Repositories/vgci_mutants/nav15/dataDistances/26-07-27_Nav15_wt_vanillaAF2_distances_all_ok_rmsd_3A.csv
2026-08-03 15:14:26,646 INFO columns[/Users/ahernandezgonzalez/Repositories/vgci_mutants/nav15/dataDistances/26-07-27_Nav15_wt_vanillaAF2_distances_all_ok_rmsd_3A.csv]=['pdb_file', 'CA_PHE1170_CA-ASN1343_CA', 'CA_PHE1170_CA-ASN1449_CA', 'shortest_PHE1170-ASN1343', 'shortest_PHE1170-ASN1449']
2026-08-03 15:14:52,418 INFO input=/Users/ahernandezgonzalez/Repositories/vgci_mutants/nav15/dataDistances/26-07-25_Nav15_wt_masked_AF2_distances_extra_ifm_all_ok_rmsd_3A.csv resolved=/Users/ahernandezgonzalez/Repositories/vgci_mutants/nav15/dataDistances/26-07-25_Nav15_wt_masked_AF2_distances_extra_ifm_all_ok_rmsd_3A.csv
2026-08-03 15:14:52,422 INFO columns[/Users/ahernandezgonzalez/Repositories/vgci_mutants/nav15/dataDistances/26-07-25_Nav15_wt_masked_AF2_distances_extra_ifm_all_ok_rmsd_3A.csv]=['pdb_file', 'CA_PHE1170_CA-ASN1343_CA', 'CA_PHE1170_CA-ASN1449_CA', 'shortest_PHE1170-ASN1343', 'shortest_PHE1170-ASN1449']
2026-08-03 15:14:52,422 WARNING analysis_unavailable dataset=WT | masked missing_gate_columns=['CA_MET415_CA-ALA742_CA', 'CA_MET415_CA-ILE1154_CA', 'CA_MET415_CA-ILE1455_CA', 'CA_ALA742_CA-ILE1154_CA', 'CA_ALA742_CA-ILE1455_CA', 'CA_ILE1154_CA-ILE1455_CA']
2026-08-03 15:14:52,422 WARNING analysis_unavailable dataset=WT | masked missing_complete_motif_columns=['shortest_ILE1169-ASN1343', 'shortest_MET1171-ASN1343']
2026-08-03 15:14:53,656 INFO input=/Users/ahernandezgonzalez/Repositories/vgci_mutants/nav15/dataDistances/26-07-27_Nav15_wt_maskedv2_AF2_distances_all_ok_rmsd_3A.csv resolved=/Users/ahernandezgonzalez/Repositories/vgci_mutants/nav15/dataDistances/26-07-27_Nav15_wt_maskedv2_AF2_distances_all_ok_rmsd_3A.csv
2026-08-03 15:14:53,804 INFO columns[/Users/ahernandezgonzalez/Repositories/vgci_mutants/nav15/dataDistances/26-07-27_Nav15_wt_maskedv2_AF2_distances_all_ok_rmsd_3A.csv]=['pdb_file', 'CA_PHE1170_CA-ASN1343_CA', 'CA_PHE1170_CA-ASN1449_CA', 'shortest_PHE1170-ASN1343', 'shortest_PHE1170-ASN1449']
2026-08-03 15:15:19,785 INFO input=/Users/ahernandezgonzalez/Repositories/vgci_mutants/nav15/dataDistances/26-07-27_Nav15_wt_maskedv2_noIFM_AF2_distances_all_ok_rmsd_3A.csv resolved=/Users/ahernandezgonzalez/Repositories/vgci_mutants/nav15/dataDistances/26-07-27_Nav15_wt_maskedv2_noIFM_AF2_distances_all_ok_rmsd_3A.csv
2026-08-03 15:15:19,931 INFO columns[/Users/ahernandezgonzalez/Repositories/vgci_mutants/nav15/dataDistances/26-07-27_Nav15_wt_maskedv2_noIFM_AF2_distances_all_ok_rmsd_3A.csv]=['pdb_file', 'CA_PHE1170_CA-ASN1343_CA', 'CA_PHE1170_CA-ASN1449_CA', 'shortest_PHE1170-ASN1343', 'shortest_PHE1170-ASN1449']
2026-08-03 15:15:45,847 INFO input=/Users/ahernandezgonzalez/Repositories/vgci_mutants/nav15/dataDistances/26-07-27_Nav15_qqq_vanilla_AF2_distances_all_ok_rmsd_3A.csv resolved=/Users/ahernandezgonzalez/Repositories/vgci_mutants/nav15/dataDistances/26-07-27_Nav15_qqq_vanilla_AF2_distances_all_ok_rmsd_3A.csv
2026-08-03 15:15:46,021 INFO columns[/Users/ahernandezgonzalez/Repositories/vgci_mutants/nav15/dataDistances/26-07-27_Nav15_qqq_vanilla_AF2_distances_all_ok_rmsd_3A.csv]=['pdb_file', 'CA_GLN1170_CA-ASN1343_CA', 'CA_GLN1170_CA-ASN1449_CA', 'shortest_GLN1170-ASN1343', 'shortest_GLN1170-ASN1449']
2026-08-03 15:16:11,770 INFO input=/Users/ahernandezgonzalez/Repositories/vgci_mutants/nav15/dataDistances/26-07-27_Nav15_qqq_masked_AF2_distances_all_ok_rmsd_3A.csv resolved=/Users/ahernandezgonzalez/Repositories/vgci_mutants/nav15/dataDistances/26-07-27_Nav15_qqq_masked_AF2_distances_all_ok_rmsd_3A.csv
2026-08-03 15:16:11,916 INFO columns[/Users/ahernandezgonzalez/Repositories/vgci_mutants/nav15/dataDistances/26-07-27_Nav15_qqq_masked_AF2_distances_all_ok_rmsd_3A.csv]=['pdb_file', 'CA_GLN1170_CA-ASN1343_CA', 'CA_GLN1170_CA-ASN1449_CA', 'shortest_GLN1170-ASN1343', 'shortest_GLN1170-ASN1449']
2026-08-03 15:16:37,857 INFO input=/Users/ahernandezgonzalez/Repositories/vgci_mutants/nav15/dataDistances/26-07-27_Nav15_qqq_maskedv2_AF2_distances_all_ok_rmsd_3A.csv resolved=/Users/ahernandezgonzalez/Repositories/vgci_mutants/.git/lfs/objects/8b/84/8b84dd183c1ecc4b7ec81eb0d941d56629c1aa1ddf651d7d43f7250abd1c125f
2026-08-03 15:16:38,010 INFO columns[/Users/ahernandezgonzalez/Repositories/vgci_mutants/nav15/dataDistances/26-07-27_Nav15_qqq_maskedv2_AF2_distances_all_ok_rmsd_3A.csv]=['pdb_file', 'CA_GLN1170_CA-ASN1343_CA', 'CA_GLN1170_CA-ASN1449_CA', 'shortest_GLN1170-ASN1343', 'shortest_GLN1170-ASN1449']
2026-08-03 15:17:03,894 INFO saved=/Users/ahernandezgonzalez/Repositories/vgci_mutants/analysis/statistics_revision/tables/Nav15_trajectory_aware_statistics.csv rows=39
2026-08-03 15:17:03,895 INFO saved=/Users/ahernandezgonzalez/Repositories/vgci_mutants/analysis/statistics_revision/tables/Nav15_figure_condition_map.csv rows=7
2026-08-03 15:17:04,444 INFO input=/Users/ahernandezgonzalez/Repositories/vgci_mutants/cav12/dataDistances/26-02-10_Cav12_wt_vanillaAF2_distances_all_ok_rmsd_3A.csv resolved=/Users/ahernandezgonzalez/Repositories/vgci_mutants/cav12/dataDistances/26-02-10_Cav12_wt_vanillaAF2_distances_all_ok_rmsd_3A.csv
2026-08-03 15:17:04,550 INFO columns[/Users/ahernandezgonzalez/Repositories/vgci_mutants/cav12/dataDistances/26-02-10_Cav12_wt_vanillaAF2_distances_all_ok_rmsd_3A.csv]=['pdb_file', 'shortest_GLY402-MET1524']
2026-08-03 15:17:05,431 INFO input=/Users/ahernandezgonzalez/Repositories/vgci_mutants/cav12/dataDistances/26-02-10_Cav12_wt_maskedAF2_distances_all_ok_rmsd_3A.csv resolved=/Users/ahernandezgonzalez/Repositories/vgci_mutants/cav12/dataDistances/26-02-10_Cav12_wt_maskedAF2_distances_all_ok_rmsd_3A.csv
2026-08-03 15:17:05,544 INFO columns[/Users/ahernandezgonzalez/Repositories/vgci_mutants/cav12/dataDistances/26-02-10_Cav12_wt_maskedAF2_distances_all_ok_rmsd_3A.csv]=['pdb_file', 'shortest_GLY402-MET1524']
2026-08-03 15:17:06,512 INFO input=/Users/ahernandezgonzalez/Repositories/vgci_mutants/cav12/dataDistances/26-02-10_Cav12_g402s_vanillaAF2_distances_all_ok_rmsd_3A.csv resolved=/Users/ahernandezgonzalez/Repositories/vgci_mutants/cav12/dataDistances/26-02-10_Cav12_g402s_vanillaAF2_distances_all_ok_rmsd_3A.csv
2026-08-03 15:17:06,618 INFO columns[/Users/ahernandezgonzalez/Repositories/vgci_mutants/cav12/dataDistances/26-02-10_Cav12_g402s_vanillaAF2_distances_all_ok_rmsd_3A.csv]=['pdb_file', 'shortest_SER402-MET1524']
2026-08-03 15:17:07,533 INFO columns[/Users/ahernandezgonzalez/Repositories/vgci_mutants/cav12/dataDistances/26-02-10_Cav12_g402s_vanillaAF2_distances_all_ok_rmsd_3A.csv]=['pdb_file', 'shortest_SER402-ILE1523']
2026-08-03 15:17:08,481 INFO input=/Users/ahernandezgonzalez/Repositories/vgci_mutants/cav12/dataDistances/26-02-10_Cav12_g402s_maskedAF2_distances_all_ok_rmsd_3A.csv resolved=/Users/ahernandezgonzalez/Repositories/vgci_mutants/cav12/dataDistances/26-02-10_Cav12_g402s_maskedAF2_distances_all_ok_rmsd_3A.csv
2026-08-03 15:17:08,589 INFO columns[/Users/ahernandezgonzalez/Repositories/vgci_mutants/cav12/dataDistances/26-02-10_Cav12_g402s_maskedAF2_distances_all_ok_rmsd_3A.csv]=['pdb_file', 'shortest_SER402-MET1524']
2026-08-03 15:17:09,489 INFO columns[/Users/ahernandezgonzalez/Repositories/vgci_mutants/cav12/dataDistances/26-02-10_Cav12_g402s_maskedAF2_distances_all_ok_rmsd_3A.csv]=['pdb_file', 'shortest_SER402-ILE1523']
2026-08-03 15:17:10,389 INFO saved=/Users/ahernandezgonzalez/Repositories/vgci_mutants/analysis/statistics_revision/tables/Cav12_G402S_contact_statistics.csv rows=6
2026-08-03 15:17:10,390 INFO input=/Users/ahernandezgonzalez/Repositories/vgci_mutants/cav12/dataDistances/26-07-25_Cav1.2_g406r_vanillaAF2_distances_all_ok_rmsd_3A.csv resolved=/Users/ahernandezgonzalez/Repositories/vgci_mutants/.git/lfs/objects/3a/87/3a87a49681da8ace2b9e8957f564b7f21ac662f04b2ae3ed9059da678634d151
2026-08-03 15:17:10,505 INFO columns[/Users/ahernandezgonzalez/Repositories/vgci_mutants/cav12/dataDistances/26-07-25_Cav1.2_g406r_vanillaAF2_distances_all_ok_rmsd_3A.csv]=['pdb_file', 'shortest_ARG406-ASP1528', 'shortest_ARG406-ASP1533', 'shortest_ARG406-THR1531']
2026-08-03 15:17:25,125 INFO input=/Users/ahernandezgonzalez/Repositories/vgci_mutants/cav12/dataDistances/26-07-25_Cav1.2_g406r_maskedAF2_distances_all_ok_rmsd_3A.csv resolved=/Users/ahernandezgonzalez/Repositories/vgci_mutants/.git/lfs/objects/92/aa/92aabfc9c22421ae177d4c984aaf3759c8018472b87131cd59d94543bddc5f22
2026-08-03 15:17:25,232 INFO columns[/Users/ahernandezgonzalez/Repositories/vgci_mutants/cav12/dataDistances/26-07-25_Cav1.2_g406r_maskedAF2_distances_all_ok_rmsd_3A.csv]=['pdb_file', 'shortest_ARG406-ASP1528', 'shortest_ARG406-ASP1533', 'shortest_ARG406-THR1531']
2026-08-03 15:17:36,409 INFO saved=/Users/ahernandezgonzalez/Repositories/vgci_mutants/analysis/statistics_revision/tables/Cav12_G406R_raw_vs_clash_filtered.csv rows=12
2026-08-03 15:17:36,748 INFO saved=/Users/ahernandezgonzalez/Repositories/vgci_mutants/analysis/statistics_revision/manuscript_number_audit.csv rows=10
2026-08-03 15:17:36,798 INFO completed output=/Users/ahernandezgonzalez/Repositories/vgci_mutants/analysis/statistics_revision
